Archive member included because of file (symbol)

/home/toyoshim/Work/LPCXpresso/CMSIS_CORE_LPC8xx/Release/libCMSIS_CORE_LPC8xx.a(system_LPC8xx.o)
                              ./src/I2CInspector.o (symbol from plugin) (SystemCoreClockUpdate)
/home/toyoshim/Work/LPCXpresso/lpc800_driver_lib/Release/liblpc800_driver_lib.a(lpc8xx_gpio.o)
                              ./src/I2CInspector.o (symbol from plugin) (GPIOInit)
/home/toyoshim/Work/LPCXpresso/lpc800_driver_lib/Release/liblpc800_driver_lib.a(lpc8xx_i2c.o)
                              ./src/I2CInspector.o (symbol from plugin) (I2C_MstInit)
/home/toyoshim/Work/LPCXpresso/lpc800_driver_lib/Release/liblpc800_driver_lib.a(lpc8xx_uart.o)
                              ./src/I2CInspector.o (symbol from plugin) (UARTInit)
/opt/lpcxpresso_8.0.0_526/lpcxpresso/tools/bin/../lib/gcc/arm-none-eabi/4.9.3/../../../../arm-none-eabi/lib/armv6-m/libcr_c.a(__weak__main.o)
                              ./src/cr_startup_lpc8xx.o (symbol from plugin) (__main)
/opt/lpcxpresso_8.0.0_526/lpcxpresso/tools/bin/../lib/gcc/arm-none-eabi/4.9.3/armv6-m/libcr_eabihelpers.a(division_32.o)
                              /home/toyoshim/Work/LPCXpresso/CMSIS_CORE_LPC8xx/Release/libCMSIS_CORE_LPC8xx.a(system_LPC8xx.o) (__aeabi_uidiv)
/opt/lpcxpresso_8.0.0_526/lpcxpresso/tools/bin/../lib/gcc/arm-none-eabi/4.9.3/armv6-m/libcr_eabihelpers.a(division_idiv0.o)
                              /opt/lpcxpresso_8.0.0_526/lpcxpresso/tools/bin/../lib/gcc/arm-none-eabi/4.9.3/armv6-m/libcr_eabihelpers.a(division_32.o) (__aeabi_idiv0)
/opt/lpcxpresso_8.0.0_526/lpcxpresso/tools/bin/../lib/gcc/arm-none-eabi/4.9.3/armv6-m/libcr_eabihelpers.a(thumb1_switch_helpers.o)
                              /home/toyoshim/Work/LPCXpresso/lpc800_driver_lib/Release/liblpc800_driver_lib.a(lpc8xx_gpio.o) (__gnu_thumb1_case_uqi)

Allocating common symbols
Common symbol       size              file

I2CStatus           0x4               /home/toyoshim/Work/LPCXpresso/lpc800_driver_lib/Release/liblpc800_driver_lib.a(lpc8xx_i2c.o)
I2CMonBuffer        0x100             /tmp/ccp3w2Lr.ltrans0.ltrans.o
UARTRxBuffer        0x20              /home/toyoshim/Work/LPCXpresso/lpc800_driver_lib/Release/liblpc800_driver_lib.a(lpc8xx_uart.o)
uart_data           0x100             ./src/I2CInspector.o (symbol from plugin)
cmd_data            0x20              ./src/I2CInspector.o (symbol from plugin)
I2CSlaveRXBuffer    0x1               /tmp/ccp3w2Lr.ltrans0.ltrans.o
UARTStatus          0x4               /home/toyoshim/Work/LPCXpresso/lpc800_driver_lib/Release/liblpc800_driver_lib.a(lpc8xx_uart.o)
data                0x1               ./src/I2CInspector.o (symbol from plugin)
UARTTxBuffer        0x20              /home/toyoshim/Work/LPCXpresso/lpc800_driver_lib/Release/liblpc800_driver_lib.a(lpc8xx_uart.o)
I2CSlaveTXBuffer    0x1               /tmp/ccp3w2Lr.ltrans0.ltrans.o

Discarded input sections

 .text          0x00000000        0x0 ./src/I2CInspector.o (symbol from plugin)
 .data          0x00000000        0x0 /tmp/ccp3w2Lr.ltrans0.ltrans.o
 .text          0x00000000        0x0 ./src/cr_startup_lpc8xx.o (symbol from plugin)
 .text          0x00000000        0x0 /home/toyoshim/Work/LPCXpresso/CMSIS_CORE_LPC8xx/Release/libCMSIS_CORE_LPC8xx.a(system_LPC8xx.o)
 .data          0x00000000        0x0 /home/toyoshim/Work/LPCXpresso/CMSIS_CORE_LPC8xx/Release/libCMSIS_CORE_LPC8xx.a(system_LPC8xx.o)
 .bss           0x00000000        0x0 /home/toyoshim/Work/LPCXpresso/CMSIS_CORE_LPC8xx/Release/libCMSIS_CORE_LPC8xx.a(system_LPC8xx.o)
 .text.SystemCoreClockUpdate
                0x00000000       0xa0 /home/toyoshim/Work/LPCXpresso/CMSIS_CORE_LPC8xx/Release/libCMSIS_CORE_LPC8xx.a(system_LPC8xx.o)
 .rodata.CSWTCH.6
                0x00000000       0x3c /home/toyoshim/Work/LPCXpresso/CMSIS_CORE_LPC8xx/Release/libCMSIS_CORE_LPC8xx.a(system_LPC8xx.o)
 .text          0x00000000        0x0 /home/toyoshim/Work/LPCXpresso/lpc800_driver_lib/Release/liblpc800_driver_lib.a(lpc8xx_gpio.o)
 .data          0x00000000        0x0 /home/toyoshim/Work/LPCXpresso/lpc800_driver_lib/Release/liblpc800_driver_lib.a(lpc8xx_gpio.o)
 .bss           0x00000000        0x0 /home/toyoshim/Work/LPCXpresso/lpc800_driver_lib/Release/liblpc800_driver_lib.a(lpc8xx_gpio.o)
 .text.PIN3_IRQHandler
                0x00000000        0xa /home/toyoshim/Work/LPCXpresso/lpc800_driver_lib/Release/liblpc800_driver_lib.a(lpc8xx_gpio.o)
 .text.GPIOSetPinInterrupt
                0x00000000       0x6c /home/toyoshim/Work/LPCXpresso/lpc800_driver_lib/Release/liblpc800_driver_lib.a(lpc8xx_gpio.o)
 .text.GPIOPinIntEnable
                0x00000000       0x28 /home/toyoshim/Work/LPCXpresso/lpc800_driver_lib/Release/liblpc800_driver_lib.a(lpc8xx_gpio.o)
 .text.GPIOPinIntDisable
                0x00000000       0x28 /home/toyoshim/Work/LPCXpresso/lpc800_driver_lib/Release/liblpc800_driver_lib.a(lpc8xx_gpio.o)
 .text.GPIOPinIntStatus
                0x00000000       0x18 /home/toyoshim/Work/LPCXpresso/lpc800_driver_lib/Release/liblpc800_driver_lib.a(lpc8xx_gpio.o)
 .text.GPIOPinIntClear
                0x00000000       0x14 /home/toyoshim/Work/LPCXpresso/lpc800_driver_lib/Release/liblpc800_driver_lib.a(lpc8xx_gpio.o)
 .text.GPIOSetBitValue
                0x00000000       0x18 /home/toyoshim/Work/LPCXpresso/lpc800_driver_lib/Release/liblpc800_driver_lib.a(lpc8xx_gpio.o)
 .text.GPIOPatternMatchInit
                0x00000000       0x10 /home/toyoshim/Work/LPCXpresso/lpc800_driver_lib/Release/liblpc800_driver_lib.a(lpc8xx_gpio.o)
 .text.GPIOSetPatternMatchInput
                0x00000000       0x10 /home/toyoshim/Work/LPCXpresso/lpc800_driver_lib/Release/liblpc800_driver_lib.a(lpc8xx_gpio.o)
 .text.GPIOSetPatternMatchSlice
                0x00000000       0x5c /home/toyoshim/Work/LPCXpresso/lpc800_driver_lib/Release/liblpc800_driver_lib.a(lpc8xx_gpio.o)
 .text.GPIOPatternMatchEnable
                0x00000000       0x2c /home/toyoshim/Work/LPCXpresso/lpc800_driver_lib/Release/liblpc800_driver_lib.a(lpc8xx_gpio.o)
 .bss.gint1_counter
                0x00000000        0x4 /home/toyoshim/Work/LPCXpresso/lpc800_driver_lib/Release/liblpc800_driver_lib.a(lpc8xx_gpio.o)
 .bss.gint0_counter
                0x00000000        0x4 /home/toyoshim/Work/LPCXpresso/lpc800_driver_lib/Release/liblpc800_driver_lib.a(lpc8xx_gpio.o)
 .bss.gint0_edge_counter
                0x00000000        0x4 /home/toyoshim/Work/LPCXpresso/lpc800_driver_lib/Release/liblpc800_driver_lib.a(lpc8xx_gpio.o)
 .bss.gint0_level_counter
                0x00000000        0x4 /home/toyoshim/Work/LPCXpresso/lpc800_driver_lib/Release/liblpc800_driver_lib.a(lpc8xx_gpio.o)
 .bss.gint1_level_counter
                0x00000000        0x4 /home/toyoshim/Work/LPCXpresso/lpc800_driver_lib/Release/liblpc800_driver_lib.a(lpc8xx_gpio.o)
 .bss.gint1_edge_counter
                0x00000000        0x4 /home/toyoshim/Work/LPCXpresso/lpc800_driver_lib/Release/liblpc800_driver_lib.a(lpc8xx_gpio.o)
 .text          0x00000000        0x0 /home/toyoshim/Work/LPCXpresso/lpc800_driver_lib/Release/liblpc800_driver_lib.a(lpc8xx_i2c.o)
 .data          0x00000000        0x0 /home/toyoshim/Work/LPCXpresso/lpc800_driver_lib/Release/liblpc800_driver_lib.a(lpc8xx_i2c.o)
 .bss           0x00000000        0x0 /home/toyoshim/Work/LPCXpresso/lpc800_driver_lib/Release/liblpc800_driver_lib.a(lpc8xx_i2c.o)
 .text.I2C_SlvInit
                0x00000000       0x60 /home/toyoshim/Work/LPCXpresso/lpc800_driver_lib/Release/liblpc800_driver_lib.a(lpc8xx_i2c.o)
 .text.I2C_MstSend
                0x00000000       0x7c /home/toyoshim/Work/LPCXpresso/lpc800_driver_lib/Release/liblpc800_driver_lib.a(lpc8xx_i2c.o)
 .text.I2C_MstSendRcv
                0x00000000       0xec /home/toyoshim/Work/LPCXpresso/lpc800_driver_lib/Release/liblpc800_driver_lib.a(lpc8xx_i2c.o)
 .text.I2C_SlaveSendData
                0x00000000       0x34 /home/toyoshim/Work/LPCXpresso/lpc800_driver_lib/Release/liblpc800_driver_lib.a(lpc8xx_i2c.o)
 .text.I2C_SlaveReceiveData
                0x00000000       0x34 /home/toyoshim/Work/LPCXpresso/lpc800_driver_lib/Release/liblpc800_driver_lib.a(lpc8xx_i2c.o)
 .text.I2C_SlaveReceiveSend
                0x00000000       0x64 /home/toyoshim/Work/LPCXpresso/lpc800_driver_lib/Release/liblpc800_driver_lib.a(lpc8xx_i2c.o)
 .bss.I2CSlvSelectedCount
                0x00000000        0x4 /home/toyoshim/Work/LPCXpresso/lpc800_driver_lib/Release/liblpc800_driver_lib.a(lpc8xx_i2c.o)
 .bss.SlaveAddr
                0x00000000        0x4 /home/toyoshim/Work/LPCXpresso/lpc800_driver_lib/Release/liblpc800_driver_lib.a(lpc8xx_i2c.o)
 .bss.I2CMonOverrunCount
                0x00000000        0x4 /home/toyoshim/Work/LPCXpresso/lpc800_driver_lib/Release/liblpc800_driver_lib.a(lpc8xx_i2c.o)
 .bss.I2CEventTimeoutCount
                0x00000000        0x4 /home/toyoshim/Work/LPCXpresso/lpc800_driver_lib/Release/liblpc800_driver_lib.a(lpc8xx_i2c.o)
 .bss.I2CSCLTimeoutCount
                0x00000000        0x4 /home/toyoshim/Work/LPCXpresso/lpc800_driver_lib/Release/liblpc800_driver_lib.a(lpc8xx_i2c.o)
 .bss.I2CMonIdleCount
                0x00000000        0x4 /home/toyoshim/Work/LPCXpresso/lpc800_driver_lib/Release/liblpc800_driver_lib.a(lpc8xx_i2c.o)
 .text          0x00000000        0x0 /home/toyoshim/Work/LPCXpresso/lpc800_driver_lib/Release/liblpc800_driver_lib.a(lpc8xx_uart.o)
 .data          0x00000000        0x0 /home/toyoshim/Work/LPCXpresso/lpc800_driver_lib/Release/liblpc800_driver_lib.a(lpc8xx_uart.o)
 .bss           0x00000000        0x0 /home/toyoshim/Work/LPCXpresso/lpc800_driver_lib/Release/liblpc800_driver_lib.a(lpc8xx_uart.o)
 .text.USARTInit
                0x00000000       0x90 /home/toyoshim/Work/LPCXpresso/lpc800_driver_lib/Release/liblpc800_driver_lib.a(lpc8xx_uart.o)
 .bss.UARTBlockTransmitted
                0x00000000        0x4 /home/toyoshim/Work/LPCXpresso/lpc800_driver_lib/Release/liblpc800_driver_lib.a(lpc8xx_uart.o)
 .bss.UARTTxCount
                0x00000000        0x4 /home/toyoshim/Work/LPCXpresso/lpc800_driver_lib/Release/liblpc800_driver_lib.a(lpc8xx_uart.o)
 .bss.ParityErrorCount
                0x00000000        0x4 /home/toyoshim/Work/LPCXpresso/lpc800_driver_lib/Release/liblpc800_driver_lib.a(lpc8xx_uart.o)
 .bss.RxErrorCount
                0x00000000        0x4 /home/toyoshim/Work/LPCXpresso/lpc800_driver_lib/Release/liblpc800_driver_lib.a(lpc8xx_uart.o)
 .bss.TxErrorCount
                0x00000000        0x4 /home/toyoshim/Work/LPCXpresso/lpc800_driver_lib/Release/liblpc800_driver_lib.a(lpc8xx_uart.o)
 .text          0x00000000        0x0 /opt/lpcxpresso_8.0.0_526/lpcxpresso/tools/bin/../lib/gcc/arm-none-eabi/4.9.3/../../../../arm-none-eabi/lib/armv6-m/libcr_c.a(__weak__main.o)
 .data          0x00000000        0x0 /opt/lpcxpresso_8.0.0_526/lpcxpresso/tools/bin/../lib/gcc/arm-none-eabi/4.9.3/../../../../arm-none-eabi/lib/armv6-m/libcr_c.a(__weak__main.o)
 .bss           0x00000000        0x0 /opt/lpcxpresso_8.0.0_526/lpcxpresso/tools/bin/../lib/gcc/arm-none-eabi/4.9.3/../../../../arm-none-eabi/lib/armv6-m/libcr_c.a(__weak__main.o)
 .text          0x00000000        0x0 /opt/lpcxpresso_8.0.0_526/lpcxpresso/tools/bin/../lib/gcc/arm-none-eabi/4.9.3/armv6-m/libcr_eabihelpers.a(division_32.o)
 .data          0x00000000        0x0 /opt/lpcxpresso_8.0.0_526/lpcxpresso/tools/bin/../lib/gcc/arm-none-eabi/4.9.3/armv6-m/libcr_eabihelpers.a(division_32.o)
 .bss           0x00000000        0x0 /opt/lpcxpresso_8.0.0_526/lpcxpresso/tools/bin/../lib/gcc/arm-none-eabi/4.9.3/armv6-m/libcr_eabihelpers.a(division_32.o)
 .text          0x00000000        0x0 /opt/lpcxpresso_8.0.0_526/lpcxpresso/tools/bin/../lib/gcc/arm-none-eabi/4.9.3/armv6-m/libcr_eabihelpers.a(division_idiv0.o)
 .data          0x00000000        0x0 /opt/lpcxpresso_8.0.0_526/lpcxpresso/tools/bin/../lib/gcc/arm-none-eabi/4.9.3/armv6-m/libcr_eabihelpers.a(division_idiv0.o)
 .bss           0x00000000        0x0 /opt/lpcxpresso_8.0.0_526/lpcxpresso/tools/bin/../lib/gcc/arm-none-eabi/4.9.3/armv6-m/libcr_eabihelpers.a(division_idiv0.o)
 .text          0x00000000        0x0 /opt/lpcxpresso_8.0.0_526/lpcxpresso/tools/bin/../lib/gcc/arm-none-eabi/4.9.3/armv6-m/libcr_eabihelpers.a(thumb1_switch_helpers.o)
 .data          0x00000000        0x0 /opt/lpcxpresso_8.0.0_526/lpcxpresso/tools/bin/../lib/gcc/arm-none-eabi/4.9.3/armv6-m/libcr_eabihelpers.a(thumb1_switch_helpers.o)
 .bss           0x00000000        0x0 /opt/lpcxpresso_8.0.0_526/lpcxpresso/tools/bin/../lib/gcc/arm-none-eabi/4.9.3/armv6-m/libcr_eabihelpers.a(thumb1_switch_helpers.o)
 .text.__gnu_thumb1_case_sqi
                0x00000000       0x10 /opt/lpcxpresso_8.0.0_526/lpcxpresso/tools/bin/../lib/gcc/arm-none-eabi/4.9.3/armv6-m/libcr_eabihelpers.a(thumb1_switch_helpers.o)
 .text.__gnu_thumb1_case_shi
                0x00000000       0x10 /opt/lpcxpresso_8.0.0_526/lpcxpresso/tools/bin/../lib/gcc/arm-none-eabi/4.9.3/armv6-m/libcr_eabihelpers.a(thumb1_switch_helpers.o)
 .text.__gnu_thumb1_case_uhi
                0x00000000       0x10 /opt/lpcxpresso_8.0.0_526/lpcxpresso/tools/bin/../lib/gcc/arm-none-eabi/4.9.3/armv6-m/libcr_eabihelpers.a(thumb1_switch_helpers.o)
 .text.__gnu_thumb1_case_si
                0x00000000       0x18 /opt/lpcxpresso_8.0.0_526/lpcxpresso/tools/bin/../lib/gcc/arm-none-eabi/4.9.3/armv6-m/libcr_eabihelpers.a(thumb1_switch_helpers.o)

Memory Configuration

Name             Origin             Length             Attributes
MFlash4          0x00000000         0x00001000         xr
RamLoc1          0x10000000         0x00000400         xrw
*default*        0x00000000         0xffffffff

Linker script and memory map

LOAD ./src/I2CInspector.o
LOAD /tmp/ccp3w2Lr.ltrans0.ltrans.o
LOAD ./src/cr_startup_lpc8xx.o
LOAD /home/toyoshim/Work/LPCXpresso/CMSIS_CORE_LPC8xx/Release/libCMSIS_CORE_LPC8xx.a
LOAD /home/toyoshim/Work/LPCXpresso/lpc800_driver_lib/Release/liblpc800_driver_lib.a
START GROUP
LOAD /opt/lpcxpresso_8.0.0_526/lpcxpresso/tools/bin/../lib/gcc/arm-none-eabi/4.9.3/../../../../arm-none-eabi/lib/armv6-m/libcr_c.a
LOAD /opt/lpcxpresso_8.0.0_526/lpcxpresso/tools/bin/../lib/gcc/arm-none-eabi/4.9.3/armv6-m/libcr_eabihelpers.a
END GROUP
                0x00000000                __base_MFlash4 = 0x0
                0x00000000                __base_Flash = 0x0
                0x00001000                __top_MFlash4 = 0x1000
                0x00001000                __top_Flash = 0x1000
                0x10000000                __base_RamLoc1 = 0x10000000
                0x10000000                __base_RAM = 0x10000000
                0x10000400                __top_RamLoc1 = 0x10000400
                0x10000400                __top_RAM = 0x10000400

.text           0x00000000      0xff4
 FILL mask 0xff
                0x00000000                __vectors_start__ = ABSOLUTE (.)
 *(.isr_vector)
 .isr_vector    0x00000000       0xc0 /tmp/ccp3w2Lr.ltrans0.ltrans.o
                0x00000000                g_pfnVectors
                0x000000c0                . = ALIGN (0x4)
                0x000000c0                __section_table_start = .
                0x000000c0                __data_section_table = .
                0x000000c0        0x4 LONG 0xff4 LOADADDR (.data)
                0x000000c4        0x4 LONG 0x10000000 ADDR (.data)
                0x000000c8        0x4 LONG 0x8 SIZEOF (.data)
                0x000000cc                __data_section_table_end = .
                0x000000cc                __bss_section_table = .
                0x000000cc        0x4 LONG 0x10000008 ADDR (.bss)
                0x000000d0        0x4 LONG 0x36c SIZEOF (.bss)
                0x000000d4                __bss_section_table_end = .
                0x000000d4                __section_table_end = .
 *(.after_vectors*)
 .after_vectors
                0x000000d4       0x60 /tmp/ccp3w2Lr.ltrans0.ltrans.o
                0x000000e0                ResetISR
 *(.text*)
 .text          0x00000134      0x32c /tmp/ccp3w2Lr.ltrans0.ltrans.o
 .text.startup  0x00000460      0x3b4 /tmp/ccp3w2Lr.ltrans0.ltrans.o
                0x00000460                main
 .text.SystemInit
                0x00000814       0x40 /home/toyoshim/Work/LPCXpresso/CMSIS_CORE_LPC8xx/Release/libCMSIS_CORE_LPC8xx.a(system_LPC8xx.o)
                0x00000814                SystemInit
 .text.PININT_Handler
                0x00000854       0xc8 /home/toyoshim/Work/LPCXpresso/lpc800_driver_lib/Release/liblpc800_driver_lib.a(lpc8xx_gpio.o)
                0x00000854                PININT_Handler
 .text.PININT0_IRQHandler
                0x0000091c        0xa /home/toyoshim/Work/LPCXpresso/lpc800_driver_lib/Release/liblpc800_driver_lib.a(lpc8xx_gpio.o)
                0x0000091c                PININT0_IRQHandler
 .text.PININT1_IRQHandler
                0x00000926        0xa /home/toyoshim/Work/LPCXpresso/lpc800_driver_lib/Release/liblpc800_driver_lib.a(lpc8xx_gpio.o)
                0x00000926                PININT1_IRQHandler
 .text.PININT2_IRQHandler
                0x00000930        0xa /home/toyoshim/Work/LPCXpresso/lpc800_driver_lib/Release/liblpc800_driver_lib.a(lpc8xx_gpio.o)
                0x00000930                PININT2_IRQHandler
 .text.PININT4_IRQHandler
                0x0000093a        0xa /home/toyoshim/Work/LPCXpresso/lpc800_driver_lib/Release/liblpc800_driver_lib.a(lpc8xx_gpio.o)
                0x0000093a                PININT4_IRQHandler
 .text.PININT5_IRQHandler
                0x00000944        0xa /home/toyoshim/Work/LPCXpresso/lpc800_driver_lib/Release/liblpc800_driver_lib.a(lpc8xx_gpio.o)
                0x00000944                PININT5_IRQHandler
 .text.PININT6_IRQHandler
                0x0000094e        0xa /home/toyoshim/Work/LPCXpresso/lpc800_driver_lib/Release/liblpc800_driver_lib.a(lpc8xx_gpio.o)
                0x0000094e                PININT6_IRQHandler
 .text.PININT7_IRQHandler
                0x00000958        0xa /home/toyoshim/Work/LPCXpresso/lpc800_driver_lib/Release/liblpc800_driver_lib.a(lpc8xx_gpio.o)
                0x00000958                PININT7_IRQHandler
 *fill*         0x00000962        0x2 
 .text.GPIOInit
                0x00000964       0x28 /home/toyoshim/Work/LPCXpresso/lpc800_driver_lib/Release/liblpc800_driver_lib.a(lpc8xx_gpio.o)
                0x00000964                GPIOInit
 .text.GPIOGetPinValue
                0x0000098c       0x2c /home/toyoshim/Work/LPCXpresso/lpc800_driver_lib/Release/liblpc800_driver_lib.a(lpc8xx_gpio.o)
                0x0000098c                GPIOGetPinValue
 .text.GPIOSetDir
                0x000009b8       0x24 /home/toyoshim/Work/LPCXpresso/lpc800_driver_lib/Release/liblpc800_driver_lib.a(lpc8xx_gpio.o)
                0x000009b8                GPIOSetDir
 .text.I2C_MasterStatus
                0x000009dc       0x40 /home/toyoshim/Work/LPCXpresso/lpc800_driver_lib/Release/liblpc800_driver_lib.a(lpc8xx_i2c.o)
                0x000009dc                I2C_MasterStatus
 .text.I2C_SlaveStatus
                0x00000a1c       0x30 /home/toyoshim/Work/LPCXpresso/lpc800_driver_lib/Release/liblpc800_driver_lib.a(lpc8xx_i2c.o)
                0x00000a1c                I2C_SlaveStatus
 .text.I2C_IRQHandler
                0x00000a4c      0x1a4 /home/toyoshim/Work/LPCXpresso/lpc800_driver_lib/Release/liblpc800_driver_lib.a(lpc8xx_i2c.o)
                0x00000a4c                I2C_IRQHandler
 .text.I2C_MstInit
                0x00000bf0       0x48 /home/toyoshim/Work/LPCXpresso/lpc800_driver_lib/Release/liblpc800_driver_lib.a(lpc8xx_i2c.o)
                0x00000bf0                I2C_MstInit
 .text.I2C_CheckError
                0x00000c38       0x3c /home/toyoshim/Work/LPCXpresso/lpc800_driver_lib/Release/liblpc800_driver_lib.a(lpc8xx_i2c.o)
                0x00000c38                I2C_CheckError
 .text.I2C_CheckIdle
                0x00000c74       0x18 /home/toyoshim/Work/LPCXpresso/lpc800_driver_lib/Release/liblpc800_driver_lib.a(lpc8xx_i2c.o)
                0x00000c74                I2C_CheckIdle
 .text.I2C_MstReceive
                0x00000c8c       0x78 /home/toyoshim/Work/LPCXpresso/lpc800_driver_lib/Release/liblpc800_driver_lib.a(lpc8xx_i2c.o)
                0x00000c8c                I2C_MstReceive
 .text.UART_Handler
                0x00000d04       0x80 /home/toyoshim/Work/LPCXpresso/lpc800_driver_lib/Release/liblpc800_driver_lib.a(lpc8xx_uart.o)
                0x00000d04                UART_Handler
 .text.UART0_IRQHandler
                0x00000d84       0x10 /home/toyoshim/Work/LPCXpresso/lpc800_driver_lib/Release/liblpc800_driver_lib.a(lpc8xx_uart.o)
                0x00000d84                UART0_IRQHandler
 .text.UART1_IRQHandler
                0x00000d94       0x10 /home/toyoshim/Work/LPCXpresso/lpc800_driver_lib/Release/liblpc800_driver_lib.a(lpc8xx_uart.o)
                0x00000d94                UART1_IRQHandler
 .text.UART2_IRQHandler
                0x00000da4       0x10 /home/toyoshim/Work/LPCXpresso/lpc800_driver_lib/Release/liblpc800_driver_lib.a(lpc8xx_uart.o)
                0x00000da4                UART2_IRQHandler
 .text.UARTClock_Init
                0x00000db4       0x78 /home/toyoshim/Work/LPCXpresso/lpc800_driver_lib/Release/liblpc800_driver_lib.a(lpc8xx_uart.o)
                0x00000db4                UARTClock_Init
 .text.UARTInit
                0x00000e2c       0xb0 /home/toyoshim/Work/LPCXpresso/lpc800_driver_lib/Release/liblpc800_driver_lib.a(lpc8xx_uart.o)
                0x00000e2c                UARTInit
 .text.UARTSend
                0x00000edc       0x28 /home/toyoshim/Work/LPCXpresso/lpc800_driver_lib/Release/liblpc800_driver_lib.a(lpc8xx_uart.o)
                0x00000edc                UARTSend
 .text.__weak_main
                0x00000f04        0x8 /opt/lpcxpresso_8.0.0_526/lpcxpresso/tools/bin/../lib/gcc/arm-none-eabi/4.9.3/../../../../arm-none-eabi/lib/armv6-m/libcr_c.a(__weak__main.o)
                0x00000f04                __main
                0x00000f04                __weak_main
 .text.__aeabi_division_idivmod
                0x00000f0c       0x78 /opt/lpcxpresso_8.0.0_526/lpcxpresso/tools/bin/../lib/gcc/arm-none-eabi/4.9.3/armv6-m/libcr_eabihelpers.a(division_32.o)
                0x00000f0c                __aeabi_idiv
                0x00000f0c                __aeabi_idivmod
                0x00000f12                __aeabi_uidiv
                0x00000f12                __aeabi_uidivmod
 .text.__aeabi_division_idiv0
                0x00000f84        0x2 /opt/lpcxpresso_8.0.0_526/lpcxpresso/tools/bin/../lib/gcc/arm-none-eabi/4.9.3/armv6-m/libcr_eabihelpers.a(division_idiv0.o)
                0x00000f84                __aeabi_idiv0
 .text.__gnu_thumb1_case_uqi
                0x00000f86       0x10 /opt/lpcxpresso_8.0.0_526/lpcxpresso/tools/bin/../lib/gcc/arm-none-eabi/4.9.3/armv6-m/libcr_eabihelpers.a(thumb1_switch_helpers.o)
                0x00000f86                __gnu_thumb1_case_uqi
 *(.rodata .rodata.* .constdata .constdata.*)
 .rodata        0x00000f96       0x4a /tmp/ccp3w2Lr.ltrans0.ltrans.o
 .rodata.kMsgReady
                0x00000fe0       0x14 /tmp/ccp3w2Lr.ltrans0.ltrans.o
                0x00000ff4                . = ALIGN (0x4)

.glue_7         0x00000ff4        0x0
 .glue_7        0x00000000        0x0 linker stubs

.glue_7t        0x00000ff4        0x0
 .glue_7t       0x00000000        0x0 linker stubs

.vfp11_veneer   0x00000ff4        0x0
 .vfp11_veneer  0x00000000        0x0 linker stubs

.v4_bx          0x00000ff4        0x0
 .v4_bx         0x00000000        0x0 linker stubs

.iplt           0x00000ff4        0x0
 .iplt          0x00000000        0x0 /home/toyoshim/Work/LPCXpresso/CMSIS_CORE_LPC8xx/Release/libCMSIS_CORE_LPC8xx.a(system_LPC8xx.o)

.rel.dyn        0x00000ff4        0x0
 .rel.iplt      0x00000000        0x0 /home/toyoshim/Work/LPCXpresso/CMSIS_CORE_LPC8xx/Release/libCMSIS_CORE_LPC8xx.a(system_LPC8xx.o)

.ARM.extab
 *(.ARM.extab* .gnu.linkonce.armextab.*)
                0x00000ff4                __exidx_start = .

.ARM.exidx
 *(.ARM.exidx* .gnu.linkonce.armexidx.*)
                0x00000ff4                __exidx_end = .
                0x00000ff4                _etext = .

.mtb_buffer_default
 *(.mtb*)

.uninit_RESERVED
                0x10000000        0x0
 *(.bss.$RESERVED*)
                0x10000000                . = ALIGN (0x4)
                0x10000000                _end_uninit_RESERVED = .

.data           0x10000000        0x8 load address 0x00000ff4
 FILL mask 0xff
                0x10000000                _data = .
 *(vtable)
 *(.ramfunc*)
 *(.data*)
 .data.SystemCoreClock
                0x10000000        0x4 /home/toyoshim/Work/LPCXpresso/CMSIS_CORE_LPC8xx/Release/libCMSIS_CORE_LPC8xx.a(system_LPC8xx.o)
                0x10000000                SystemCoreClock
 .data.UARTTxEmpty
                0x10000004        0x1 /home/toyoshim/Work/LPCXpresso/lpc800_driver_lib/Release/liblpc800_driver_lib.a(lpc8xx_uart.o)
                0x10000004                UARTTxEmpty
                0x10000008                . = ALIGN (0x4)
 *fill*         0x10000005        0x3 ff
                0x10000008                _edata = .

.igot.plt       0x10000008        0x0 load address 0x00000ffc
 .igot.plt      0x00000000        0x0 /home/toyoshim/Work/LPCXpresso/CMSIS_CORE_LPC8xx/Release/libCMSIS_CORE_LPC8xx.a(system_LPC8xx.o)

.bss            0x10000008      0x36c load address 0x00000ffc
                0x10000008                _bss = .
 *(.bss*)
 .bss           0x10000008      0x138 /tmp/ccp3w2Lr.ltrans0.ltrans.o
 .bss.flex_int_falling_edge_counter
                0x10000140       0x20 /home/toyoshim/Work/LPCXpresso/lpc800_driver_lib/Release/liblpc800_driver_lib.a(lpc8xx_gpio.o)
                0x10000140                flex_int_falling_edge_counter
 .bss.flex_int_counter
                0x10000160       0x20 /home/toyoshim/Work/LPCXpresso/lpc800_driver_lib/Release/liblpc800_driver_lib.a(lpc8xx_gpio.o)
                0x10000160                flex_int_counter
 .bss.flex_int_rising_edge_counter
                0x10000180       0x20 /home/toyoshim/Work/LPCXpresso/lpc800_driver_lib/Release/liblpc800_driver_lib.a(lpc8xx_gpio.o)
                0x10000180                flex_int_rising_edge_counter
 .bss.flex_int_level_counter
                0x100001a0       0x20 /home/toyoshim/Work/LPCXpresso/lpc800_driver_lib/Release/liblpc800_driver_lib.a(lpc8xx_gpio.o)
                0x100001a0                flex_int_level_counter
 .bss.mstidle   0x100001c0        0x4 /home/toyoshim/Work/LPCXpresso/lpc800_driver_lib/Release/liblpc800_driver_lib.a(lpc8xx_i2c.o)
                0x100001c0                mstidle
 .bss.I2CInterruptCount
                0x100001c4        0x4 /home/toyoshim/Work/LPCXpresso/lpc800_driver_lib/Release/liblpc800_driver_lib.a(lpc8xx_i2c.o)
                0x100001c4                I2CInterruptCount
 .bss.I2CARBLossCount
                0x100001c8        0x4 /home/toyoshim/Work/LPCXpresso/lpc800_driver_lib/Release/liblpc800_driver_lib.a(lpc8xx_i2c.o)
                0x100001c8                I2CARBLossCount
 .bss.I2CSlvDeselectedCount
                0x100001cc        0x4 /home/toyoshim/Work/LPCXpresso/lpc800_driver_lib/Release/liblpc800_driver_lib.a(lpc8xx_i2c.o)
                0x100001cc                I2CSlvDeselectedCount
 .bss.I2CSlvTXCount
                0x100001d0        0x4 /home/toyoshim/Work/LPCXpresso/lpc800_driver_lib/Release/liblpc800_driver_lib.a(lpc8xx_i2c.o)
                0x100001d0                I2CSlvTXCount
 .bss.I2CMstIdleCount
                0x100001d4        0x4 /home/toyoshim/Work/LPCXpresso/lpc800_driver_lib/Release/liblpc800_driver_lib.a(lpc8xx_i2c.o)
                0x100001d4                I2CMstIdleCount
 .bss.slvtxrdy  0x100001d8        0x4 /home/toyoshim/Work/LPCXpresso/lpc800_driver_lib/Release/liblpc800_driver_lib.a(lpc8xx_i2c.o)
                0x100001d8                slvtxrdy
 .bss.I2CMstNACKTXCount
                0x100001dc        0x4 /home/toyoshim/Work/LPCXpresso/lpc800_driver_lib/Release/liblpc800_driver_lib.a(lpc8xx_i2c.o)
                0x100001dc                I2CMstNACKTXCount
 .bss.RetryCount
                0x100001e0        0x4 /home/toyoshim/Work/LPCXpresso/lpc800_driver_lib/Release/liblpc800_driver_lib.a(lpc8xx_i2c.o)
                0x100001e0                RetryCount
 .bss.I2CSlvAddrCount
                0x100001e4        0x4 /home/toyoshim/Work/LPCXpresso/lpc800_driver_lib/Release/liblpc800_driver_lib.a(lpc8xx_i2c.o)
                0x100001e4                I2CSlvAddrCount
 .bss.I2CMstNACKAddrCount
                0x100001e8        0x4 /home/toyoshim/Work/LPCXpresso/lpc800_driver_lib/Release/liblpc800_driver_lib.a(lpc8xx_i2c.o)
                0x100001e8                I2CMstNACKAddrCount
 .bss.slvrxrdy  0x100001ec        0x4 /home/toyoshim/Work/LPCXpresso/lpc800_driver_lib/Release/liblpc800_driver_lib.a(lpc8xx_i2c.o)
                0x100001ec                slvrxrdy
 .bss.mstrxrdy  0x100001f0        0x4 /home/toyoshim/Work/LPCXpresso/lpc800_driver_lib/Release/liblpc800_driver_lib.a(lpc8xx_i2c.o)
                0x100001f0                mstrxrdy
 .bss.slvaddrrcvd
                0x100001f4        0x4 /home/toyoshim/Work/LPCXpresso/lpc800_driver_lib/Release/liblpc800_driver_lib.a(lpc8xx_i2c.o)
                0x100001f4                slvaddrrcvd
 .bss.I2CMstSSErrCount
                0x100001f8        0x4 /home/toyoshim/Work/LPCXpresso/lpc800_driver_lib/Release/liblpc800_driver_lib.a(lpc8xx_i2c.o)
                0x100001f8                I2CMstSSErrCount
 .bss.I2CSlvNotStrCount
                0x100001fc        0x4 /home/toyoshim/Work/LPCXpresso/lpc800_driver_lib/Release/liblpc800_driver_lib.a(lpc8xx_i2c.o)
                0x100001fc                I2CSlvNotStrCount
 .bss.msttxrdy  0x10000200        0x4 /home/toyoshim/Work/LPCXpresso/lpc800_driver_lib/Release/liblpc800_driver_lib.a(lpc8xx_i2c.o)
                0x10000200                msttxrdy
 .bss.I2CMstTXCount
                0x10000204        0x4 /home/toyoshim/Work/LPCXpresso/lpc800_driver_lib/Release/liblpc800_driver_lib.a(lpc8xx_i2c.o)
                0x10000204                I2CMstTXCount
 .bss.I2CMstRXCount
                0x10000208        0x4 /home/toyoshim/Work/LPCXpresso/lpc800_driver_lib/Release/liblpc800_driver_lib.a(lpc8xx_i2c.o)
                0x10000208                I2CMstRXCount
 .bss.I2CMonRXCount
                0x1000020c        0x4 /home/toyoshim/Work/LPCXpresso/lpc800_driver_lib/Release/liblpc800_driver_lib.a(lpc8xx_i2c.o)
                0x1000020c                I2CMonRXCount
 .bss.I2CSlvRXCount
                0x10000210        0x4 /home/toyoshim/Work/LPCXpresso/lpc800_driver_lib/Release/liblpc800_driver_lib.a(lpc8xx_i2c.o)
                0x10000210                I2CSlvRXCount
 .bss.UARTBlockReceived
                0x10000214        0x4 /home/toyoshim/Work/LPCXpresso/lpc800_driver_lib/Release/liblpc800_driver_lib.a(lpc8xx_uart.o)
                0x10000214                UARTBlockReceived
 .bss.UARTInterruptCount
                0x10000218        0x4 /home/toyoshim/Work/LPCXpresso/lpc800_driver_lib/Release/liblpc800_driver_lib.a(lpc8xx_uart.o)
                0x10000218                UARTInterruptCount
 .bss.UARTRxRdyCount
                0x1000021c        0x4 /home/toyoshim/Work/LPCXpresso/lpc800_driver_lib/Release/liblpc800_driver_lib.a(lpc8xx_uart.o)
                0x1000021c                UARTRxRdyCount
 .bss.AddrDetected
                0x10000220        0x4 /home/toyoshim/Work/LPCXpresso/lpc800_driver_lib/Release/liblpc800_driver_lib.a(lpc8xx_uart.o)
                0x10000220                AddrDetected
 .bss.UARTRxCount
                0x10000224        0x4 /home/toyoshim/Work/LPCXpresso/lpc800_driver_lib/Release/liblpc800_driver_lib.a(lpc8xx_uart.o)
                0x10000224                UARTRxCount
 *(COMMON)
 COMMON         0x10000228      0x102 /tmp/ccp3w2Lr.ltrans0.ltrans.o
                0x10000228                I2CMonBuffer
                0x10000328                I2CSlaveRXBuffer
                0x10000329                I2CSlaveTXBuffer
 *fill*         0x1000032a        0x2 
 COMMON         0x1000032c        0x4 /home/toyoshim/Work/LPCXpresso/lpc800_driver_lib/Release/liblpc800_driver_lib.a(lpc8xx_i2c.o)
                0x1000032c                I2CStatus
 COMMON         0x10000330       0x44 /home/toyoshim/Work/LPCXpresso/lpc800_driver_lib/Release/liblpc800_driver_lib.a(lpc8xx_uart.o)
                0x10000330                UARTRxBuffer
                0x10000350                UARTStatus
                0x10000354                UARTTxBuffer
                0x10000374                . = ALIGN (0x4)
                0x10000374                _ebss = .
                0x10000374                PROVIDE (end, .)

.noinit         0x10000374        0x0 load address 0x00000ffc
                0x10000374                _noinit = .
 *(.noinit*)
                0x10000374                . = ALIGN (0x4)
                0x10000374                _end_noinit = .
                0x10000374                PROVIDE (_pvHeapStart, DEFINED (__user_heap_base)?__user_heap_base:.)
                0x10000400                PROVIDE (_vStackTop, DEFINED (__user_stack_top)?__user_stack_top:(__top_RamLoc1 - 0x0))
                0xeffffb1d                PROVIDE (__valid_user_code_checksum, (0x0 - (((_vStackTop + (ResetISR + 0x1)) + (DEFINED (NMI_Handler)?NMI_Handler:M0_NMI_Handler + 0x1)) + (DEFINED (HardFault_Handler)?HardFault_Handler:M0_HardFault_Handler + 0x1))))
OUTPUT(I2CInspector.axf elf32-littlearm)

.comment        0x00000000       0xe0
 .comment       0x00000000       0x71 /tmp/ccp3w2Lr.ltrans0.ltrans.o
 .comment       0x00000000       0x70 /home/toyoshim/Work/LPCXpresso/CMSIS_CORE_LPC8xx/Release/libCMSIS_CORE_LPC8xx.a(system_LPC8xx.o)
                                 0x71 (size before relaxing)
 .comment       0x00000000       0x71 /home/toyoshim/Work/LPCXpresso/lpc800_driver_lib/Release/liblpc800_driver_lib.a(lpc8xx_gpio.o)
 .comment       0x00000000       0x71 /home/toyoshim/Work/LPCXpresso/lpc800_driver_lib/Release/liblpc800_driver_lib.a(lpc8xx_i2c.o)
 .comment       0x00000000       0x71 /home/toyoshim/Work/LPCXpresso/lpc800_driver_lib/Release/liblpc800_driver_lib.a(lpc8xx_uart.o)
 .comment       0x00000070       0x70 /opt/lpcxpresso_8.0.0_526/lpcxpresso/tools/bin/../lib/gcc/arm-none-eabi/4.9.3/../../../../arm-none-eabi/lib/armv6-m/libcr_c.a(__weak__main.o)
                                 0x71 (size before relaxing)

.ARM.attributes
                0x00000000       0x2f
 .ARM.attributes
                0x00000000       0x2f /tmp/ccp3w2Lr.ltrans0.ltrans.o
 .ARM.attributes
                0x0000002f       0x31 /home/toyoshim/Work/LPCXpresso/CMSIS_CORE_LPC8xx/Release/libCMSIS_CORE_LPC8xx.a(system_LPC8xx.o)
 .ARM.attributes
                0x00000060       0x31 /home/toyoshim/Work/LPCXpresso/lpc800_driver_lib/Release/liblpc800_driver_lib.a(lpc8xx_gpio.o)
 .ARM.attributes
                0x00000091       0x31 /home/toyoshim/Work/LPCXpresso/lpc800_driver_lib/Release/liblpc800_driver_lib.a(lpc8xx_i2c.o)
 .ARM.attributes
                0x000000c2       0x31 /home/toyoshim/Work/LPCXpresso/lpc800_driver_lib/Release/liblpc800_driver_lib.a(lpc8xx_uart.o)
 .ARM.attributes
                0x000000f3       0x31 /opt/lpcxpresso_8.0.0_526/lpcxpresso/tools/bin/../lib/gcc/arm-none-eabi/4.9.3/../../../../arm-none-eabi/lib/armv6-m/libcr_c.a(__weak__main.o)
 .ARM.attributes
                0x00000124       0x21 /opt/lpcxpresso_8.0.0_526/lpcxpresso/tools/bin/../lib/gcc/arm-none-eabi/4.9.3/armv6-m/libcr_eabihelpers.a(division_32.o)
 .ARM.attributes
                0x00000145       0x21 /opt/lpcxpresso_8.0.0_526/lpcxpresso/tools/bin/../lib/gcc/arm-none-eabi/4.9.3/armv6-m/libcr_eabihelpers.a(division_idiv0.o)
 .ARM.attributes
                0x00000166       0x21 /opt/lpcxpresso_8.0.0_526/lpcxpresso/tools/bin/../lib/gcc/arm-none-eabi/4.9.3/armv6-m/libcr_eabihelpers.a(thumb1_switch_helpers.o)

.debug_info     0x00000000     0x2876
 .debug_info    0x00000000      0x411 /home/toyoshim/Work/LPCXpresso/CMSIS_CORE_LPC8xx/Release/libCMSIS_CORE_LPC8xx.a(system_LPC8xx.o)
 .debug_info    0x00000411      0xd0b /home/toyoshim/Work/LPCXpresso/lpc800_driver_lib/Release/liblpc800_driver_lib.a(lpc8xx_gpio.o)
 .debug_info    0x0000111c      0xcfb /home/toyoshim/Work/LPCXpresso/lpc800_driver_lib/Release/liblpc800_driver_lib.a(lpc8xx_i2c.o)
 .debug_info    0x00001e17      0xa5f /home/toyoshim/Work/LPCXpresso/lpc800_driver_lib/Release/liblpc800_driver_lib.a(lpc8xx_uart.o)

.debug_abbrev   0x00000000      0x7fa
 .debug_abbrev  0x00000000       0xe3 /home/toyoshim/Work/LPCXpresso/CMSIS_CORE_LPC8xx/Release/libCMSIS_CORE_LPC8xx.a(system_LPC8xx.o)
 .debug_abbrev  0x000000e3      0x226 /home/toyoshim/Work/LPCXpresso/lpc800_driver_lib/Release/liblpc800_driver_lib.a(lpc8xx_gpio.o)
 .debug_abbrev  0x00000309      0x283 /home/toyoshim/Work/LPCXpresso/lpc800_driver_lib/Release/liblpc800_driver_lib.a(lpc8xx_i2c.o)
 .debug_abbrev  0x0000058c      0x26e /home/toyoshim/Work/LPCXpresso/lpc800_driver_lib/Release/liblpc800_driver_lib.a(lpc8xx_uart.o)

.debug_loc      0x00000000      0xe61
 .debug_loc     0x00000000       0x73 /home/toyoshim/Work/LPCXpresso/CMSIS_CORE_LPC8xx/Release/libCMSIS_CORE_LPC8xx.a(system_LPC8xx.o)
 .debug_loc     0x00000073      0x434 /home/toyoshim/Work/LPCXpresso/lpc800_driver_lib/Release/liblpc800_driver_lib.a(lpc8xx_gpio.o)
 .debug_loc     0x000004a7      0x794 /home/toyoshim/Work/LPCXpresso/lpc800_driver_lib/Release/liblpc800_driver_lib.a(lpc8xx_i2c.o)
 .debug_loc     0x00000c3b      0x226 /home/toyoshim/Work/LPCXpresso/lpc800_driver_lib/Release/liblpc800_driver_lib.a(lpc8xx_uart.o)

.debug_aranges  0x00000000      0x1c8
 .debug_aranges
                0x00000000       0x28 /home/toyoshim/Work/LPCXpresso/CMSIS_CORE_LPC8xx/Release/libCMSIS_CORE_LPC8xx.a(system_LPC8xx.o)
 .debug_aranges
                0x00000028       0xc8 /home/toyoshim/Work/LPCXpresso/lpc800_driver_lib/Release/liblpc800_driver_lib.a(lpc8xx_gpio.o)
 .debug_aranges
                0x000000f0       0x80 /home/toyoshim/Work/LPCXpresso/lpc800_driver_lib/Release/liblpc800_driver_lib.a(lpc8xx_i2c.o)
 .debug_aranges
                0x00000170       0x58 /home/toyoshim/Work/LPCXpresso/lpc800_driver_lib/Release/liblpc800_driver_lib.a(lpc8xx_uart.o)

.debug_ranges   0x00000000      0x248
 .debug_ranges  0x00000000       0x18 /home/toyoshim/Work/LPCXpresso/CMSIS_CORE_LPC8xx/Release/libCMSIS_CORE_LPC8xx.a(system_LPC8xx.o)
 .debug_ranges  0x00000018       0xe8 /home/toyoshim/Work/LPCXpresso/lpc800_driver_lib/Release/liblpc800_driver_lib.a(lpc8xx_gpio.o)
 .debug_ranges  0x00000100       0x88 /home/toyoshim/Work/LPCXpresso/lpc800_driver_lib/Release/liblpc800_driver_lib.a(lpc8xx_i2c.o)
 .debug_ranges  0x00000188       0xc0 /home/toyoshim/Work/LPCXpresso/lpc800_driver_lib/Release/liblpc800_driver_lib.a(lpc8xx_uart.o)

.debug_line     0x00000000      0xa3e
 .debug_line    0x00000000      0x10e /home/toyoshim/Work/LPCXpresso/CMSIS_CORE_LPC8xx/Release/libCMSIS_CORE_LPC8xx.a(system_LPC8xx.o)
 .debug_line    0x0000010e      0x302 /home/toyoshim/Work/LPCXpresso/lpc800_driver_lib/Release/liblpc800_driver_lib.a(lpc8xx_gpio.o)
 .debug_line    0x00000410      0x38b /home/toyoshim/Work/LPCXpresso/lpc800_driver_lib/Release/liblpc800_driver_lib.a(lpc8xx_i2c.o)
 .debug_line    0x0000079b      0x2a3 /home/toyoshim/Work/LPCXpresso/lpc800_driver_lib/Release/liblpc800_driver_lib.a(lpc8xx_uart.o)

.debug_str      0x00000000      0xeea
 .debug_str     0x00000000      0x3b1 /home/toyoshim/Work/LPCXpresso/CMSIS_CORE_LPC8xx/Release/libCMSIS_CORE_LPC8xx.a(system_LPC8xx.o)
                                0x3d3 (size before relaxing)
 .debug_str     0x000003b1      0x5ce /home/toyoshim/Work/LPCXpresso/lpc800_driver_lib/Release/liblpc800_driver_lib.a(lpc8xx_gpio.o)
                                0x92c (size before relaxing)
 .debug_str     0x0000097f      0x3cc /home/toyoshim/Work/LPCXpresso/lpc800_driver_lib/Release/liblpc800_driver_lib.a(lpc8xx_i2c.o)
                                0x79b (size before relaxing)
 .debug_str     0x00000d4b      0x19f /home/toyoshim/Work/LPCXpresso/lpc800_driver_lib/Release/liblpc800_driver_lib.a(lpc8xx_uart.o)
                                0x7ad (size before relaxing)

.debug_frame    0x00000000      0x480
 .debug_frame   0x00000000       0x3c /home/toyoshim/Work/LPCXpresso/CMSIS_CORE_LPC8xx/Release/libCMSIS_CORE_LPC8xx.a(system_LPC8xx.o)
 .debug_frame   0x0000003c      0x1f8 /home/toyoshim/Work/LPCXpresso/lpc800_driver_lib/Release/liblpc800_driver_lib.a(lpc8xx_gpio.o)
 .debug_frame   0x00000234      0x16c /home/toyoshim/Work/LPCXpresso/lpc800_driver_lib/Release/liblpc800_driver_lib.a(lpc8xx_i2c.o)
 .debug_frame   0x000003a0       0xe0 /home/toyoshim/Work/LPCXpresso/lpc800_driver_lib/Release/liblpc800_driver_lib.a(lpc8xx_uart.o)
